Cadence Design Systems, Inc. netrev 16.0 Sun Nov 27 10:39:16 2011
(C) Copyright 2002 Cadence Design Systems, Inc.

------ Directives ------

RIPUP_ETCH FALSE;
RIPUP_SYMBOLS ALWAYS;
Missing symbol has error FALSE;
SCHEMATIC_DIRECTORY 'C:\SRC\BSM-2\SCHEMATICS';
BOARD_DIRECTORY 'C:/src/bsm-2/schematics';
OLD_BOARD_NAME 'C:/src/bsm-2/schematics/bsm-radio.brd';
NEW_BOARD_NAME 'C:/src/bsm-2/schematics/bsm-radio.brd';

CmdLine: netrev.exe -5 -y 1 -u -i C:\SRC\BSM-2\SCHEMATICS C:\src\bsm-2\schematics\bsm-radio.brd C:\src\bsm-2\schematics\bsm-radio.brd

------ Preparing to read pst files ------

Starting to read C:/SRC/BSM-2/SCHEMATICS/pstchip.dat 
   Finished reading C:/SRC/BSM-2/SCHEMATICS/pstchip.dat (00:00:00.23)
Starting to read C:/SRC/BSM-2/SCHEMATICS/pstxprt.dat 
   Finished reading C:/SRC/BSM-2/SCHEMATICS/pstxprt.dat (00:00:00.01)
Starting to read C:/SRC/BSM-2/SCHEMATICS/pstxnet.dat 
   Finished reading C:/SRC/BSM-2/SCHEMATICS/pstxnet.dat (00:00:00.01)

------ Oversights/Warnings/Errors ------


#1   WARNING(SPMHNI-192): Device/Symbol check warning detected.

WARNING(SPMHNI-194): Symbol 'SMB_JACK_COASS' for device 'ANTENNA_SMB_0_SMB_JACK_COASS_AN' not found in PSMPATH or must be "dbdoctor"ed.

#2   WARNING(SPMHNI-192): Device/Symbol check warning detected.

WARNING(SPMHNI-194): Symbol 'SML0603' for device 'INDUCTOR/SM_SML0603_27NH' not found in PSMPATH or must be "dbdoctor"ed.

#3   WARNING(SPMHNI-192): Device/Symbol check warning detected.

WARNING(SPMHNI-194): Symbol 'SML0603' for device 'INDUCTOR/SM_SML0603_22NH' not found in PSMPATH or must be "dbdoctor"ed.

#4   WARNING(SPMHNI-192): Device/Symbol check warning detected.

ERROR(SPMHNI-196): Symbol 'CRYST_PTH_2X070MM' for device 'CRYSTAL/SM_2_CRYST_PTH_2X070MM_' has extra pin '3'.

#1   ERROR(SPMHNI-191): Device/Symbol check error detected.

ERROR(SPMHNI-195): Symbol 'HC49UP' for device 'CRYSTAL/SM_0_HC49UP_8MHZ' is missing pin '3'.

#2   ERROR(SPMHNI-191): Device/Symbol check error detected.

ERROR(SPMHNI-195): Symbol 'HC49UP' for device 'CRYSTAL/SM_0_HC49UP_26MHZ' is missing pin '3'.


Note: SECTION property definition created

------ Library Paths ------
MODULEPATH =  . 
           C:/OrCAD/OrCAD_16.0/share/local/pcb/modules 
           C:\src\cadlib\orcad\pcb_lib\ 

PSMPATH =  . 
           symbols 
           .. 
           ../symbols 
           C:/OrCAD/OrCAD_16.0/share/local/pcb/symbols 
           C:/OrCAD/OrCAD_16.0/share/pcb/pcb_lib/symbols 
           C:/OrCAD/OrCAD_16.0/share/pcb/allegrolib/symbols 
           C:\src\cadlib\orcad\pcb_lib\ 

PADPATH =  . 
           symbols 
           .. 
           ../symbols 
           C:/OrCAD/OrCAD_16.0/share/local/pcb/padstacks 
           C:/OrCAD/OrCAD_16.0/share/pcb/pcb_lib/symbols 
           C:/OrCAD/OrCAD_16.0/share/pcb/allegrolib/symbols 
           C:\src\cadlib\orcad\pcb_lib\ 


------ Summary Statistics ------


#3   Run stopped because errors were detected

netrev run on Nov 27 10:39:16 2011
   DESIGN NAME : 'BSM-RADIO'
   PACKAGING ON Sep  6 2007 19:01:51

   COMPILE 'logic'
   CHECK_PIN_NAMES OFF
   CROSS_REFERENCE OFF
   FEEDBACK OFF
   INCREMENTAL OFF
   INTERFACE_TYPE PHYSICAL
   MAX_ERRORS 500
   MERGE_MINIMUM 5
   NET_NAME_CHARS '#%&()*+-./:=>?@[]^_`|'
   NET_NAME_LENGTH 24
   OVERSIGHTS ON
   REPLACE_CHECK OFF
   SINGLE_NODE_NETS ON
   SPLIT_MINIMUM 0
   SUPPRESS   20
   WARNINGS ON

  3 errors detected
 No oversight detected
  4 warnings detected

cpu time      0:01:49
elapsed time  0:00:01

